     1                                  bits 32 ; assembling for the 32 bits architecture
     2                                  
     3                                  ; declare the EntryPoint (a label defining the very first instruction of the program)
     4                                  global start        
     5                                  
     6                                  ; declare external functions needed by our program
     7                                  extern exit               ; tell nasm that exit exists even if we won't be defining it
     8                                  import exit msvcrt.dll    ; exit is a function that ends the calling process. It is defined in msvcrt.dll
     9                                                            ; msvcrt.dll contains exit, printf and all the other important C-runtime specific functions
    10                                  
    11                                  ; our data is declared here (the variables needed by our program)
    12                                  segment data use32 class=data
    13                                      ; 
    14 00000000 02                          a db 2
    15 00000001 7F12                        b dw 127Fh
    16 00000003 C21B2E55                    c dd 552E1BC2h
    17                                      
    18                                      
    19                                  
    20                                  ; our code starts here
    21                                  segment code use32 class=code
    22                                      start:
    23                                          ; 
    24 00000000 B002                            mov al,2
    25 00000002 668B1D[01000000]                mov bx,[b]
    26 00000009 8B0D[00000000]                  mov ecx,[a]
    27 0000000F 0205[00000000]                  add al,[a]
    28 00000015 6683EB01                        sub bx,0001h
    29                                          ; exit(0)
    30 00000019 6A00                            push    dword 0      ; push the parameter for exit onto the stack
    31 0000001B FF15[00000000]                  call    [exit]       ; call exit to terminate the program
