     1                                  bits 32
     2                                  global start
     3                                  
     4                                  extern scanf
     5                                  import scanf msvcrt.dll
     6                                  
     7                                  extern printf
     8                                  import printf msvcrt.dll
     9                                  
    10                                  extern exit
    11                                  import exit msvcrt.dll
    12                                  
    13                                  %include "modul.asm"
     1                              <1> 
     2                              <1> %ifndef _MODUL_ASM_ 
     3                              <1> %define _Modul_ASM_ 
     4                              <1> 
     5                              <1> is_prime:
     6 00000000 8B442404            <1>     mov eax, [esp+4]
     7 00000004 83F802              <1>     cmp eax, 2
     8 00000007 7C2B                <1>     jl not_prime
     9 00000009 7423                <1>     je prime
    10 0000000B A901000000          <1>     test eax, 1
    11 00000010 7422                <1>     jz not_prime
    12 00000012 83F803              <1>     cmp eax, 3
    13 00000015 7417                <1>     je prime
    14 00000017 B903000000          <1>     mov ecx, 3
    15                              <1> check_loop:
    16 0000001C BA00000000          <1>     mov edx, 0
    17 00000021 F7F1                <1>     div ecx
    18 00000023 85D2                <1>     test edx, edx
    19 00000025 740D                <1>     jz not_prime
    20 00000027 83C102              <1>     add ecx, 2
    21 0000002A 39C1                <1>     cmp ecx, eax
    22 0000002C 7CEE                <1>     jl check_loop
    23                              <1>     prime:
    24 0000002E B801000000          <1>         mov eax, 1
    25 00000033 C3                  <1>         ret
    26                              <1>     not_prime:
    27 00000034 31C0                <1>         xor eax, eax
    28 00000036 C3                  <1>         ret
    29                              <1> %endif
    30                              <1> 
    31                              <1> 
    14                                  
    15                                  segment data use32
    16 00000037 456E746572206E756D-         prompt db "Enter numbers (press Enter to stop): ", 0
    16 00000040 626572732028707265-
    16 00000049 737320456E74657220-
    16 00000052 746F2073746F70293A-
    16 0000005B 2000               
    17 0000005D 256400                      format_input db "%d", 0
    18 00000060 25642000                    format_prime db "%d ", 0
    19 00000064 0A00                        buffer db 10, 0   
    20                                  
    21                                  segment code use32
    22                                  start:
    23 00000000 68[37000000]                push prompt
    24 00000005 FF15[00000000]              call [printf]
    25 0000000B 83C404                      add esp, 4
    26                                  
    27                                      read_input:
    28 0000000E 8D05[64000000]                  lea eax, [buffer]
    29 00000014 50                              push eax
    30 00000015 68[5D000000]                    push format_input
    31 0000001A FF15[00000000]                  call [scanf]
    32 00000020 83C408                          add esp, 8
    33 00000023 85C0                            test eax, eax
    34 00000025 7434                            jz end_program
    35                                  
    36 00000027 0FB605[64000000]                movzx eax, byte [buffer]
    37 0000002E 83F820                          cmp eax, 0x20
    38 00000031 7428                            je end_program
    39                                  
    40 00000033 FF35[64000000]                  push dword [buffer]
    41 00000039 E8(00000000)                    call is_prime
    42 0000003E 83C404                          add esp, 4
    43                                  
    44 00000041 85C0                            test eax, eax
    45 00000043 74C9                            jz read_input
    46                                  
    47 00000045 FF35[64000000]                  push dword [buffer]
    48 0000004B 68[60000000]                    push format_prime
    49 00000050 FF15[00000000]                  call [printf]
    50 00000056 83C408                          add esp, 8
    51 00000059 EBB3                            jmp read_input
    52                                  
    53                                      end_program:
    54 0000005B 6A00                            push 0
    55 0000005D FF15[00000000]                  call [exit]
