     1                                  bits 32 ; assembling for the 32 bits architecture
     2                                  
     3                                  ; declare the EntryPoint (a label defining the very first instruction of the program)
     4                                  global start        
     5                                  
     6                                  ; declare external functions needed by our program
     7                                  extern exit               ; tell nasm that exit exists even if we won't be defining it
     8                                  import exit msvcrt.dll    ; exit is a function that ends the calling process. It is defined in msvcrt.dll
     9                                                            ; msvcrt.dll contains exit, printf and all the other important C-runtime specific functions
    10                                  
    11                                  ; our data is declared here (the variables needed by our program)
    12                                  segment data use32 class=data
    13                                      ; ...
    14 00000000 0A                          a db 10
    15 00000001 05                          b db 5
    16 00000002 07                          c db 7
    17 00000003 C800                        d dw 200
    18                                  
    19                                  ;(50-b-c)*2+a*a+d
    20                                  ; our code starts here
    21                                  segment code use32 class=code
    22                                      start:
    23                                          ; ...
    24 00000000 B032                            mov al,50
    25 00000002 2A05[01000000]                  sub al,[b]
    26 00000008 2A05[02000000]                  sub al,[c]
    27 0000000E B302                            mov bl,2
    28 00000010 B400                            mov ah,0
    29 00000012 F6E3                            mul bl
    30 00000014 6689C1                          mov cx,ax
    31 00000017 B400                            mov ah,0
    32 00000019 A0[00000000]                    mov al,[a]
    33 0000001E F625[00000000]                  mul byte[a]
    34 00000024 6601C8                          add ax,cx
    35 00000027 B700                            mov bh,0
    36 00000029 8A1D[03000000]                  mov bl,[d]
    37 0000002F 6601D8                          add ax,bx
    38                                          ; exit(0)
    39 00000032 6A00                            push    dword 0      ; push the parameter for exit onto the stack
    40 00000034 FF15[00000000]                  call    [exit]       ; call exit to terminate the program
