     1                                  bits 32 ; assembling for the 32 bits architecture
     2                                  
     3                                  ; declare the EntryPoint (a label defining the very first instruction of the program)
     4                                  global start        
     5                                  
     6                                  ; declare external functions needed by our program
     7                                  extern exit               ; tell nasm that exit exists even if we won't be defining it
     8                                  import exit msvcrt.dll    ; exit is a function that ends the calling process. It is defined in msvcrt.dll
     9                                                            ; msvcrt.dll contains exit, printf and all the other important C-runtime specific functions
    10                                  
    11                                  ; our data is declared here (the variables needed by our program)
    12                                  segment data use32 class=data
    13                                      ; ...
    14 00000000 0F00                        a dw 15
    15 00000002 1E00                        b dw 30
    16 00000004 0400                        c dw 4
    17                                  ;b-(b+c)+a
    18                                  ; our code starts here
    19                                  segment code use32 class=code
    20                                      start:
    21                                          ; ...
    22 00000000 A0[02000000]                mov al,[b]
    23 00000005 8A25[02000000]              mov ah,[b]
    24 0000000B 0225[04000000]              add ah,[c]
    25 00000011 28E0                        sub al,ah
    26 00000013 0205[00000000]              add al,[a]
    27                                          ; exit(0)
    28 00000019 6A00                            push    dword 0      ; push the parameter for exit onto the stack
    29 0000001B FF15[00000000]                  call    [exit]       ; call exit to terminate the program
