     1                                  bits 32 ; assembling for the 32 bits architecture
     2                                  
     3                                  ; declare the EntryPoint (a label defining the very first instruction of the program)
     4                                  global start        
     5                                  
     6                                  ; declare external functions needed by our program
     7                                  extern exit               ; tell nasm that exit exists even if we won't be defining it
     8                                  import exit msvcrt.dll    ; exit is a function that ends the calling process. It is defined in msvcrt.dll
     9                                                            ; msvcrt.dll contains exit, printf and all the other important C-runtime specific functions
    10                                  
    11                                  ; our data is declared here (the variables needed by our program)
    12                                  segment data use32 class=data
    13                                      ; ...
    14 00000000 0A                          a db 10
    15 00000001 0600                        b dw 6  
    16 00000003 11000000                    c dd 17 
    17 00000007 2003000000000000            d dq 800 
    18                                  ;(a+c)-b+a + (d-c)-unsigned
    19                                  ; our code starts here
    20                                  segment code use32 class=code
    21                                      start:
    22 00000000 B800000000                      mov eax, 0 
    23 00000005 A0[00000000]                    mov al,[a] ;al=[a]
    24 0000000A 0305[03000000]                  add eax,[c] ;eax=a+c
    25 00000010 BB00000000                      mov ebx,0
    26 00000015 668B1D[01000000]                mov bx,[b]
    27 0000001C 29D8                            sub eax,ebx  ;eax=(a+c)-b
    28 0000001E B900000000                      mov ecx,0
    29 00000023 8A0D[00000000]                  mov cl,[a]
    30 00000029 01C8                            add eax,ecx ;eax=(a+c)-b+a
    31 0000002B 8B1D[07000000]                  mov ebx, dword [d] 
    32 00000031 8B0D[0B000000]                  mov ecx, dword [d+4]    ;ecx:ebx=d
    33 00000037 2B1D[03000000]                  sub ebx,[c]
    34 0000003D 83D900                          sbb ecx,0
    35 00000040 F8                              clc
    36 00000041 BA00000000                      mov edx,0           ;edx:eax=(a+c)-b+a +
    37 00000046 01D8                            add eax,ebx         ;ecx:ebx=(d-c)
    38 00000048 11CA                            adc edx,ecx         ;result in edx:eax
    39                                          ; exit(0)
    40 0000004A 6A00                            push    dword 0      ; push the parameter for exit onto the stack
    41 0000004C FF15[00000000]                  call    [exit]       ; call exit to terminate the program
