     1                                  bits 32 ; assembling for the 32 bits architecture
     2                                  
     3                                  ; declare the EntryPoint (a label defining the very first instruction of the program)
     4                                  global start        
     5                                  
     6                                  ; declare external functions needed by our program
     7                                  extern exit               ; tell nasm that exit exists even if we won't be defining it
     8                                  import exit msvcrt.dll    ; exit is a function that ends the calling process. It is defined in msvcrt.dll
     9                                                            ; msvcrt.dll contains exit, printf and all the other important C-runtime specific functions
    10                                  
    11                                  ; our data is declared here (the variables needed by our program)
    12                                  segment data use32 class=data
    13                                      ; ...
    14 00000000 02                          b db 2;al
    15 00000001 0300                        a dw 3;ax
    16 00000003 FBFFFFFF                    e dd -5;eax
    17 00000007 F9FFFFFFFFFFFFFF            x dq -7;edx:ebx
    18                                      ;x-b+8+(2*a-b)/(b*b)+e; 
    19                                      ;;a-word; b-byte; e-doubleword; x-qword signed
    20                                  ; our code starts here
    21                                  segment code use32 class=code
    22                                      start:
    23                                          ; ...
    24 00000000 B002                            mov al,2;al=2
    25 00000002 6698                            cbw;ax=2
    26 00000004 668B1D[01000000]                mov bx,[a];bx=a
    27 0000000B 66F7EB                          imul bx;dx:ax=2*a
    28                                          ;result on dx ax
    29 0000000E 6652                            push dx
    30 00000010 6650                            push ax
    31 00000012 5B                              pop ebx;ebx=2*a
    32 00000013 A0[00000000]                    mov al,[b];al=b
    33 00000018 6698                            cbw ;ax=b
    34 0000001A 98                              cwde ;eax=b
    35                                          ;2*a-b => ebx-eax
    36 0000001B 29C3                            sub ebx,eax
    37                                          ;ebx=2*a-b
    38 0000001D A0[00000000]                    mov al,[b];al=b
    39 00000022 F62D[00000000]                  imul byte [b];ax=b*b
    40 00000028 6689C1                          mov cx,ax
    41                                          ;cx=b*b
    42 0000002B 53                              push ebx
    43 0000002C 6658                            pop ax
    44 0000002E 665A                            pop dx
    45 00000030 66F7F9                          idiv cx
    46                                          ;ax:dx(2*a-b)/cx(b*b)=ax(2*a-b)/b*b
    47 00000033 98                              cwde
    48                                          ;eax=(2*a-b)/b*b
    49 00000034 89C1                            mov ecx,eax;ecx=(2*a-b)/b*b
    50 00000036 A1[03000000]                    mov eax,[e]
    51 0000003B 01C1                            add ecx,eax;(2*a-b)/b*b+e
    52 0000003D B008                            mov al,8
    53 0000003F 6698                            cbw
    54 00000041 98                              cwde;eax=8
    55 00000042 01C1                            add ecx,eax;ecx=(2*a-b)/b*b+e+8
    56 00000044 A0[00000000]                    mov al,[b]
    57 00000049 6698                            cbw
    58 0000004B 98                              cwde;eax=b
    59 0000004C 29C1                            sub ecx,eax
    60 0000004E 89C8                            mov eax,ecx 
    61 00000050 99                              cdq;edx:eax=(2*a-b)/b*b+e+8-b
    62 00000051 8B1D[07000000]                  mov ebx,[x];ecx:ebx=x
    63 00000057 8B0D[0B000000]                  mov ecx,[x+4]
    64 0000005D F8                              clc
    65 0000005E 01D8                            add eax,ebx
    66 00000060 11CA                            adc edx,ecx
    67                                          ;result edx:eax
    68                                          ; exit(0)
    69 00000062 6A00                            push    dword 0      ; push the parameter for exit onto the stack
    70 00000064 FF15[00000000]                  call    [exit]       ; call exit to terminate the program
