     1                                  bits 32 ; assembling for the 32 bits architecture
     2                                  
     3                                  ; declare the EntryPoint (a label defining the very first instruction of the program)
     4                                  global start        
     5                                  
     6                                  ; declare external functions needed by our program
     7                                  extern exit,fread,fopen,fclose,printf           ; tell nasm that exit exists even if we won't be defining it
     8                                  import exit msvcrt.dll    ; exit is a function that ends the calling process. It is defined in msvcrt.dll
     9                                                            ; msvcrt.dll contains exit, printf and all the other important C-runtime specific functions
    10                                  import fread msvcrt.dll
    11                                  import fopen msvcrt.dll
    12                                  import fclose msvcrt.dll
    13                                  import printf msvcrt.dll
    14                                  ; our data is declared here (the variables needed by our program)
    15                                  segment data use32 class=data
    16                                      ; ...
    17 00000000 00000000                    descr dd 0
    18 00000004 433A5C5C5573657273-         filename db "C:\\Users\\balac\\OneDrive\\Desktop\\ASM_tools\\asm_tools\\lab hm\\fisier.txt",0
    18 0000000D 5C5C62616C61635C5C-
    18 00000016 4F6E6544726976655C-
    18 0000001F 5C4465736B746F705C-
    18 00000028 5C41534D5F746F6F6C-
    18 00000031 735C5C61736D5F746F-
    18 0000003A 6F6C735C5C6C616220-
    18 00000043 686D5C5C6669736965-
    18 0000004C 722E74787400       
    19 00000052 7200                        accesmode db "r",0
    20 00000054 <res 00000064>              string resb 100
    21                                      len equ 100
    22 000000B8 <res 00000004>              many resd 1
    23 000000BC 256400                      format db "%d",0
    24                                      ;A text file is given. The text contains letters, spaces and points. Read the content of the file, determine the number of words and display the result on the screen. (A word is a sequence of characters separate
    25                                  ; our code starts here
    26                                  segment code use32 class=code
    27                                      start:
    28                                          ; ...
    29                                          ;deschid fisier
    30 00000000 68[52000000]                    push dword accesmode
    31 00000005 68[04000000]                    push dword filename
    32 0000000A FF15[00000000]                  call [fopen]
    33 00000010 83C408                          add esp,2*4
    34                                          
    35 00000013 A3[00000000]                    mov dword [descr],eax
    36                                          
    37 00000018 83F800                          cmp eax,0
    38 0000001B 7466                            je final
    39                                          
    40                                          ;citim din fisier
    41 0000001D FF35[00000000]                  push dword [descr]
    42 00000023 6A64                            push dword len
    43 00000025 6A01                            push dword 1
    44 00000027 68[54000000]                    push dword string
    45 0000002C FF15[00000000]                  call [fread]
    46 00000032 83C410                          add esp,4*4
    47                                          
    48                                          ;in eax cate am citit
    49 00000035 A3[B8000000]                    mov dword[many],eax
    50                                          
    51 0000003A BB00000000                      mov ebx,0
    52 0000003F B900000000                      mov ecx,0
    53                                          
    54                                          parcurgere:
    55 00000044 3B1D[B8000000]                      cmp ebx,[many]
    56 0000004A 7D17                                jge done
    57                                              
    58 0000004C 8A83[54000000]                      mov al,[string+ebx]
    59                                              
    60 00000052 3C20                                cmp al,32
    61 00000054 7406                                je word_found
    62 00000056 3C2E                                cmp al,46
    63 00000058 7402                                je word_found
    64 0000005A EB04                                jmp not_word
    65                                             
    66                                          word_found:
    67 0000005C 41                              inc ecx
    68 0000005D 43                              inc ebx
    69 0000005E EBE4                            jmp parcurgere
    70                                          
    71                                          not_word:
    72 00000060 43                              inc ebx
    73 00000061 EBE1                            jmp parcurgere
    74                                          
    75                                          done:
    76                                          
    77 00000063 60                              pushad
    78                                          
    79 00000064 FF35[00000000]                  push dword [descr]
    80 0000006A FF15[00000000]                  call [fclose]
    81 00000070 83C404                          add esp,4
    82                                          
    83 00000073 61                              popad
    84                                          
    85 00000074 51                              push dword ecx
    86 00000075 68[BC000000]                    push dword format
    87 0000007A FF15[00000000]                  call [printf]
    88 00000080 83C408                          add esp,4*2
    89                                          
    90                                          final:
    91                                          ; exit(0)
    92 00000083 6A00                            push    dword 0      ; push the parameter for exit onto the stack
    93 00000085 FF15[00000000]                  call    [exit]       ; call exit to terminate the program
